
Memory Configuration

Name             Origin             Length             Attributes
FLASH            0x08000000         0x00080000         xr
SRAM             0x20000000         0x00020000         xrw
*default*        0x00000000         0xffffffff

Linker script and memory map

LOAD object/kmath.o
LOAD object/kfloat.o
LOAD object/cm4.o
LOAD object/kstring.o
LOAD object/kmain.o
LOAD object/stm32_startup.o
LOAD object/sys.o
LOAD object/clock.o
LOAD object/usart.o
LOAD object/gpio.o
LOAD object/timer.o
LOAD object/kstdio.o
LOAD object/sys_init.o
LOAD object/unistd.o
LOAD object/times.o
LOAD object/kunistd.o
LOAD object/ktimes.o
LOAD object/syscall.o
LOAD object/seven_segment.o
LOAD object/test_interrupt.o

.text           0x08000000     0x2ccc
                0x08000000                        _stext = .
 *(.isr_vector)
 .isr_vector    0x08000000      0x1c4 object/stm32_startup.o
                0x08000000                NVIC_VECTOR
 *(.text)
 .text          0x080001c4       0x4e object/kmath.o
                0x080001c4                __pow
 *fill*         0x08000212        0x2 
 .text          0x08000214      0x360 object/kfloat.o
                0x08000214                __aeabi_f2d
                0x080002da                __aeabi_d2f
                0x08000360                __aeabi_d2iz
                0x080003f6                __aeabi_d2i
                0x0800048c                get_decimal_part
 .text          0x08000574      0x170 object/cm4.o
                0x08000574                __SysTick_init
                0x080005cc                __sysTick_enable
                0x080005f4                __sysTick_disable
                0x0800061c                __getSysTickCount
                0x08000634                __updateSysTick
                0x0800068c                __getTime
                0x080006c0                __enable_fpu
 .text          0x080006e4      0x3d4 object/kstring.o
                0x080006e4                __str_to_num
                0x080007dc                __reverse_str
                0x0800083a                __strlen
                0x08000868                convert
                0x080008e8                float2str
                0x080009b4                str2float
 .text          0x08000ab8       0xc4 object/kmain.o
                0x08000ab8                delay
                0x08000ada                kmain
 .text          0x08000b7c      0x184 object/stm32_startup.o
                0x08000b7c                Reset_Handler
                0x08000c34                FLASH_Handler
                0x08000c34                SPI4_Handler
                0x08000c34                DMA2_Stream7_Handler
                0x08000c34                OTG_HS_Handler
                0x08000c34                OTG_FS_WKUP_Handler
                0x08000c34                DMA2_Stream3_Handler
                0x08000c34                OTG_HS_WKUP_Handler
                0x08000c34                USART3_Handler
                0x08000c34                PendSV_Handler
                0x08000c34                NMI_Handler
                0x08000c34                SAI1_Handler
                0x08000c34                TIM6_DAC_Handler
                0x08000c34                CAN1_RX1_Handler
                0x08000c34                EXTI15_10_Handler
                0x08000c34                ADC_Handler
                0x08000c34                I2C1_EV_Handler
                0x08000c34                TAMP_STAMP_Handler
                0x08000c34                I2C3_ER_Handler
                0x08000c34                WWDG_Handler
                0x08000c34                EXTI4_Handler
                0x08000c34                I2C3_EV_Handler
                0x08000c34                DMA1_Stream1_Handler
                0x08000c34                DMA2_Stream4_Handler
                0x08000c34                DMA1_Stream7_Handler
                0x08000c34                OTG_FS_Handler
                0x08000c34                TIM1_BRK_TIM9_Handler
                0x08000c34                I2C1_ER_Handler
                0x08000c34                DMA1_Stream3_Handler
                0x08000c34                UsageFault_Handler
                0x08000c34                TIM1_UP_TIM10_Handler
                0x08000c34                CAN1_RX0_Handler
                0x08000c34                TIM1_CC_Handler
                0x08000c34                I2C2_ER_Handler
                0x08000c34                USART6_Handler
                0x08000c34                TIM8_CC_Handler
                0x08000c34                HDMI_CEC_Handler
                0x08000c34                SAI2_Handler
                0x08000c34                CAN1_SCE_Handler
                0x08000c34                DMA1_Stream0_Handler
                0x08000c34                OTG_HS_EP1_OUT_Handler
                0x08000c34                DebugMonitor_Handler
                0x08000c34                RTC_WKUP_Handler
                0x08000c34                FMC_Handler
                0x08000c34                EXTI3_Handler
                0x08000c34                EXTI2_Handler
                0x08000c34                UART4_Handler
                0x08000c34                CAN2_RX1_Handler
                0x08000c34                EXTI9_5_Handler
                0x08000c34                TIM2_Handler
                0x08000c34                USART1_Handler
                0x08000c34                CAN2_SCE_Handler
                0x08000c34                TIM3_Handler
                0x08000c34                DMA2_Stream6_Handler
                0x08000c34                Default_Handler
                0x08000c34                DCMI_Handler
                0x08000c34                TIM1_TRG_COM_TIM11_Handler
                0x08000c34                RTC_Alarm_Handler
                0x08000c34                TIM4_Handler
                0x08000c34                TIM8_UP_TIM13_Handler
                0x08000c34                CAN2_TX_Handler
                0x08000c34                SPI2_Handler
                0x08000c34                DMA2_Stream1_Handler
                0x08000c34                DMA1_Stream2_Handler
                0x08000c34                DMA1_Stream4_Handler
                0x08000c34                TIM8_BRK_TIM12_Handler
                0x08000c34                CAN2_RX0_Handler
                0x08000c34                DMA2_Stream5_Handler
                0x08000c34                DMA1_Stream6_Handler
                0x08000c34                SDIO_Handler
                0x08000c34                FMPI2C1_ERR_Handler
                0x08000c34                USART2_Handler
                0x08000c34                SPI1_Handler
                0x08000c34                I2C2_EV_Handler
                0x08000c34                SPDIF_Rx_Handler
                0x08000c34                DMA2_Stream2_Handler
                0x08000c34                SPI3_Handler
                0x08000c34                DMA2_Stream0_Handler
                0x08000c34                RCC_Handler
                0x08000c34                PVD_Handler
                0x08000c34                UART5_Handler
                0x08000c34                DMA1_Stream5_Handler
                0x08000c34                TIM5_Handler
                0x08000c34                QuadSPI_Handler
                0x08000c34                TIM7_Handler
                0x08000c34                TIM8_TRG_COM_TIM14_Handler
                0x08000c34                CAN1_TX_Handler
                0x08000c34                FPU_Handler
                0x08000c34                FMPI2C1_Handler
                0x08000c34                OTG_HS_EP1_IN_Handler
                0x08000c42                HardFault_Handler
                0x08000c78                MemManage_Handler
                0x08000c80                BusFault_Handler
                0x08000c88                SysTick_Handler
                0x08000cb4                SVCall_Handler
                0x08000cc2                EXTI1_Handler
 .text          0x08000d00      0x40c object/sys.o
                0x08000d00                __NVIC_SetPriority
                0x08000d54                __NVIC_GetPriority
                0x08000da4                __NVIC_EnableIRQn
                0x08000e28                __NVIC_DisableIRQn
                0x08000eb4                __set_BASEPRI
                0x08000ee0                get_basepri_value
                0x08000efc                __unset_BASEPRI
                0x08000f20                __disable_irq
                0x08000f36                __enable_irq
                0x08000f4c                __set_PRIMASK
                0x08000f62                get_PRIMASK
                0x08000f7e                __enable_fault_irq
                0x08000f94                __set_FAULTMASK
                0x08000faa                __disable_FAULTMASK
                0x08000fc0                __get_FAULTMASK
                0x08000fdc                __clear_pending_IRQn
                0x0800103c                __get_pending_IRQn
                0x080010a4                __NVIC_GetActive
 .text          0x0800110c       0xbc object/clock.o
                0x0800110c                DRV_CLOCK_INIT
 .text          0x080011c8      0x214 object/usart.o
                0x080011c8                DRV_USART_INIT
                0x08001284                UART_SendChar
                0x080012b2                _USART_WRITE
                0x080012e0                _USART_READ
                0x0800133c                UART_GetChar
                0x08001366                _USART_READ_STR
 .text          0x080013dc      0x520 object/gpio.o
                0x080013dc                GPIO_WritePin
                0x0800140e                GPIO_Init
                0x08001714                GPIO_DeInit
 .text          0x080018fc        0xe object/timer.o
                0x080018fc                DRV_TIMER_INIT
 *fill*         0x0800190a        0x2 
 .text          0x0800190c      0x358 object/kstdio.o
                0x0800190c                kprintf
                0x08001aa4                kprintf_led
                0x08001ac2                kscanf
 .text          0x08001c64       0x74 object/sys_init.o
                0x08001c64                __sys_init
 .text          0x08001cd8        0x0 object/unistd.o
 .text          0x08001cd8        0x0 object/times.o
 .text          0x08001cd8        0x0 object/kunistd.o
 .text          0x08001cd8        0x0 object/ktimes.o
 .text          0x08001cd8       0x5e object/syscall.o
                0x08001cd8                syscall
 .text          0x08001d36       0x44 object/seven_segment.o
                0x08001d36                test
                0x08001d44                reset
                0x08001d52                LedMatrix
                0x08001d66                ledArray
 *fill*         0x08001d7a        0x2 
 .text          0x08001d7c      0x288 object/test_interrupt.o
                0x08001d7c                enable_hardfault_event
                0x08001dac                enableSysTickInterrupt
                0x08001dcc                disableSysTickInterrupt
                0x08001dec                reboot
                0x08001e0c                config_faultmask
                0x08001e80                config_basepri
                0x08001ed0                change_systick_priority
                0x08001f30                change_exti1_priority
                0x08001f88                Exti_config
 *(.rodata)
 .rodata        0x08002004        0x4 object/kstring.o
 .rodata        0x08002008      0x167 object/kmain.o
 *fill*         0x0800216f        0x1 
 .rodata        0x08002170       0xf6 object/stm32_startup.o
 *fill*         0x08002266        0x2 
 .rodata        0x08002268       0x50 object/sys.o
 .rodata        0x080022b8      0x134 object/sys_init.o
 .rodata        0x080023ec      0x6f8 object/syscall.o
                0x080029dc                sys_errlist
                0x08002ae0                sys_nerr
 .rodata        0x08002ae4      0x1e8 object/test_interrupt.o
                0x08002ccc                        . = ALIGN (0x4)
                0x08002ccc                        _etext = .
                0x08002ccc                        _la_data = LOADADDR (.data)

.glue_7         0x08002ccc        0x0
 .glue_7        0x08002ccc        0x0 linker stubs

.glue_7t        0x08002ccc        0x0
 .glue_7t       0x08002ccc        0x0 linker stubs

.vfp11_veneer   0x08002ccc        0x0
 .vfp11_veneer  0x08002ccc        0x0 linker stubs

.v4_bx          0x08002ccc        0x0
 .v4_bx         0x08002ccc        0x0 linker stubs

.iplt           0x08002ccc        0x0
 .iplt          0x08002ccc        0x0 object/cm4.o

.rel.dyn        0x08002ccc        0x0
 .rel.iplt      0x08002ccc        0x0 object/cm4.o

.data           0x20000000       0x30 load address 0x08002ccc
                0x20000000                        _sdata = .
 *(.data)
 .data          0x20000000        0x0 object/kmath.o
 .data          0x20000000        0x0 object/kfloat.o
 .data          0x20000000        0x0 object/cm4.o
 .data          0x20000000       0x25 object/kstring.o
 .data          0x20000025        0x0 object/kmain.o
 .data          0x20000025        0x0 object/stm32_startup.o
 .data          0x20000025        0x0 object/sys.o
 .data          0x20000025        0x0 object/clock.o
 .data          0x20000025        0x0 object/usart.o
 .data          0x20000025        0x0 object/gpio.o
 .data          0x20000025        0x0 object/timer.o
 .data          0x20000025        0x0 object/kstdio.o
 .data          0x20000025        0x0 object/sys_init.o
 .data          0x20000025        0x0 object/unistd.o
 .data          0x20000025        0x0 object/times.o
 .data          0x20000025        0x0 object/kunistd.o
 .data          0x20000025        0x0 object/ktimes.o
 .data          0x20000025        0x0 object/syscall.o
 .data          0x20000025        0x0 object/seven_segment.o
 *fill*         0x20000025        0x3 
 .data          0x20000028        0x8 object/test_interrupt.o
                0x20000028                clockChoice
                0x2000002c                clockRateMHz
                0x20000030                        . = ALIGN (0x4)
                0x20000030                        _edata = .

.igot.plt       0x20000030        0x0 load address 0x08002cfc
 .igot.plt      0x20000030        0x0 object/cm4.o

.bss            0x20000030       0x60 load address 0x08002cfc
                0x20000030                        _sbss = .
 *(.bss)
 .bss           0x20000030        0x0 object/kmath.o
 .bss           0x20000030        0x0 object/kfloat.o
 .bss           0x20000030        0x4 object/cm4.o
 .bss           0x20000034       0x32 object/kstring.o
 *fill*         0x20000066        0x2 
 .bss           0x20000068        0x4 object/kmain.o
 .bss           0x2000006c       0x14 object/stm32_startup.o
                0x2000006c                _bss_size
                0x20000070                _data_size
                0x20000074                _text_size
                0x2000007c                cnt
 .bss           0x20000080        0x4 object/sys.o
 .bss           0x20000084        0x0 object/clock.o
 .bss           0x20000084        0x0 object/usart.o
 .bss           0x20000084        0x0 object/gpio.o
 .bss           0x20000084        0x0 object/timer.o
 .bss           0x20000084        0x0 object/kstdio.o
 .bss           0x20000084        0x4 object/sys_init.o
 .bss           0x20000088        0x0 object/unistd.o
 .bss           0x20000088        0x0 object/times.o
 .bss           0x20000088        0x0 object/kunistd.o
 .bss           0x20000088        0x0 object/ktimes.o
 .bss           0x20000088        0x0 object/syscall.o
 .bss           0x20000088        0x0 object/seven_segment.o
 .bss           0x20000088        0x8 object/test_interrupt.o
                0x2000008c                hardfault_event_enabled
                0x20000090                        _ebss = .
OUTPUT(target/duos elf32-littlearm)
LOAD linker stubs

.comment        0x00000000       0x55
 .comment       0x00000000       0x55 object/kmath.o
                                 0x56 (size before relaxing)
 .comment       0x00000055       0x56 object/kfloat.o
 .comment       0x00000055       0x56 object/cm4.o
 .comment       0x00000055       0x56 object/kstring.o
 .comment       0x00000055       0x56 object/kmain.o
 .comment       0x00000055       0x56 object/stm32_startup.o
 .comment       0x00000055       0x56 object/sys.o
 .comment       0x00000055       0x56 object/clock.o
 .comment       0x00000055       0x56 object/usart.o
 .comment       0x00000055       0x56 object/gpio.o
 .comment       0x00000055       0x56 object/timer.o
 .comment       0x00000055       0x56 object/kstdio.o
 .comment       0x00000055       0x56 object/sys_init.o
 .comment       0x00000055       0x56 object/unistd.o
 .comment       0x00000055       0x56 object/times.o
 .comment       0x00000055       0x56 object/kunistd.o
 .comment       0x00000055       0x56 object/ktimes.o
 .comment       0x00000055       0x56 object/syscall.o
 .comment       0x00000055       0x56 object/seven_segment.o
 .comment       0x00000055       0x56 object/test_interrupt.o

.ARM.attributes
                0x00000000       0x32
 .ARM.attributes
                0x00000000       0x32 object/kmath.o
 .ARM.attributes
                0x00000032       0x32 object/kfloat.o
 .ARM.attributes
                0x00000064       0x32 object/cm4.o
 .ARM.attributes
                0x00000096       0x32 object/kstring.o
 .ARM.attributes
                0x000000c8       0x32 object/kmain.o
 .ARM.attributes
                0x000000fa       0x32 object/stm32_startup.o
 .ARM.attributes
                0x0000012c       0x32 object/sys.o
 .ARM.attributes
                0x0000015e       0x32 object/clock.o
 .ARM.attributes
                0x00000190       0x32 object/usart.o
 .ARM.attributes
                0x000001c2       0x32 object/gpio.o
 .ARM.attributes
                0x000001f4       0x32 object/timer.o
 .ARM.attributes
                0x00000226       0x32 object/kstdio.o
 .ARM.attributes
                0x00000258       0x32 object/sys_init.o
 .ARM.attributes
                0x0000028a       0x32 object/unistd.o
 .ARM.attributes
                0x000002bc       0x32 object/times.o
 .ARM.attributes
                0x000002ee       0x32 object/kunistd.o
 .ARM.attributes
                0x00000320       0x32 object/ktimes.o
 .ARM.attributes
                0x00000352       0x32 object/syscall.o
 .ARM.attributes
                0x00000384       0x32 object/seven_segment.o
 .ARM.attributes
                0x000003b6       0x32 object/test_interrupt.o
